Archive member included to satisfy reference by file (symbol)

C:/ST/STM32CubeIDE_1.19.0/STM32CubeIDE/plugins/com.st.stm32cube.ide.mcu.externaltools.gnu-tools-for-stm32.13.3.rel1.win32_1.0.0.202411081344/tools/bin/../lib/gcc/arm-none-eabi/13.3.1/../../../../arm-none-eabi/lib/thumb/v7e-m+fp/hard\libc_nano.a(libc_a-exit.o)
                              C:/ST/STM32CubeIDE_1.19.0/STM32CubeIDE/plugins/com.st.stm32cube.ide.mcu.externaltools.gnu-tools-for-stm32.13.3.rel1.win32_1.0.0.202411081344/tools/bin/../lib/gcc/arm-none-eabi/13.3.1/../../../../arm-none-eabi/lib/thumb/v7e-m+fp/hard/crt0.o (exit)
C:/ST/STM32CubeIDE_1.19.0/STM32CubeIDE/plugins/com.st.stm32cube.ide.mcu.externaltools.gnu-tools-for-stm32.13.3.rel1.win32_1.0.0.202411081344/tools/bin/../lib/gcc/arm-none-eabi/13.3.1/../../../../arm-none-eabi/lib/thumb/v7e-m+fp/hard\libc_nano.a(libc_a-findfp.o)
                              C:/ST/STM32CubeIDE_1.19.0/STM32CubeIDE/plugins/com.st.stm32cube.ide.mcu.externaltools.gnu-tools-for-stm32.13.3.rel1.win32_1.0.0.202411081344/tools/bin/../lib/gcc/arm-none-eabi/13.3.1/../../../../arm-none-eabi/lib/thumb/v7e-m+fp/hard\libc_nano.a(libc_a-exit.o) (__stdio_exit_handler)
C:/ST/STM32CubeIDE_1.19.0/STM32CubeIDE/plugins/com.st.stm32cube.ide.mcu.externaltools.gnu-tools-for-stm32.13.3.rel1.win32_1.0.0.202411081344/tools/bin/../lib/gcc/arm-none-eabi/13.3.1/../../../../arm-none-eabi/lib/thumb/v7e-m+fp/hard\libc_nano.a(libc_a-fwalk.o)
                              C:/ST/STM32CubeIDE_1.19.0/STM32CubeIDE/plugins/com.st.stm32cube.ide.mcu.externaltools.gnu-tools-for-stm32.13.3.rel1.win32_1.0.0.202411081344/tools/bin/../lib/gcc/arm-none-eabi/13.3.1/../../../../arm-none-eabi/lib/thumb/v7e-m+fp/hard\libc_nano.a(libc_a-findfp.o) (_fwalk_sglue)
C:/ST/STM32CubeIDE_1.19.0/STM32CubeIDE/plugins/com.st.stm32cube.ide.mcu.externaltools.gnu-tools-for-stm32.13.3.rel1.win32_1.0.0.202411081344/tools/bin/../lib/gcc/arm-none-eabi/13.3.1/../../../../arm-none-eabi/lib/thumb/v7e-m+fp/hard\libc_nano.a(libc_a-stdio.o)
                              C:/ST/STM32CubeIDE_1.19.0/STM32CubeIDE/plugins/com.st.stm32cube.ide.mcu.externaltools.gnu-tools-for-stm32.13.3.rel1.win32_1.0.0.202411081344/tools/bin/../lib/gcc/arm-none-eabi/13.3.1/../../../../arm-none-eabi/lib/thumb/v7e-m+fp/hard\libc_nano.a(libc_a-findfp.o) (__sread)
C:/ST/STM32CubeIDE_1.19.0/STM32CubeIDE/plugins/com.st.stm32cube.ide.mcu.externaltools.gnu-tools-for-stm32.13.3.rel1.win32_1.0.0.202411081344/tools/bin/../lib/gcc/arm-none-eabi/13.3.1/../../../../arm-none-eabi/lib/thumb/v7e-m+fp/hard\libc_nano.a(libc_a-memset.o)
                              C:/ST/STM32CubeIDE_1.19.0/STM32CubeIDE/plugins/com.st.stm32cube.ide.mcu.externaltools.gnu-tools-for-stm32.13.3.rel1.win32_1.0.0.202411081344/tools/bin/../lib/gcc/arm-none-eabi/13.3.1/../../../../arm-none-eabi/lib/thumb/v7e-m+fp/hard/crt0.o (memset)
C:/ST/STM32CubeIDE_1.19.0/STM32CubeIDE/plugins/com.st.stm32cube.ide.mcu.externaltools.gnu-tools-for-stm32.13.3.rel1.win32_1.0.0.202411081344/tools/bin/../lib/gcc/arm-none-eabi/13.3.1/../../../../arm-none-eabi/lib/thumb/v7e-m+fp/hard\libc_nano.a(libc_a-closer.o)
                              C:/ST/STM32CubeIDE_1.19.0/STM32CubeIDE/plugins/com.st.stm32cube.ide.mcu.externaltools.gnu-tools-for-stm32.13.3.rel1.win32_1.0.0.202411081344/tools/bin/../lib/gcc/arm-none-eabi/13.3.1/../../../../arm-none-eabi/lib/thumb/v7e-m+fp/hard\libc_nano.a(libc_a-stdio.o) (_close_r)
C:/ST/STM32CubeIDE_1.19.0/STM32CubeIDE/plugins/com.st.stm32cube.ide.mcu.externaltools.gnu-tools-for-stm32.13.3.rel1.win32_1.0.0.202411081344/tools/bin/../lib/gcc/arm-none-eabi/13.3.1/../../../../arm-none-eabi/lib/thumb/v7e-m+fp/hard\libc_nano.a(libc_a-reent.o)
                              C:/ST/STM32CubeIDE_1.19.0/STM32CubeIDE/plugins/com.st.stm32cube.ide.mcu.externaltools.gnu-tools-for-stm32.13.3.rel1.win32_1.0.0.202411081344/tools/bin/../lib/gcc/arm-none-eabi/13.3.1/../../../../arm-none-eabi/lib/thumb/v7e-m+fp/hard\libc_nano.a(libc_a-closer.o) (errno)
C:/ST/STM32CubeIDE_1.19.0/STM32CubeIDE/plugins/com.st.stm32cube.ide.mcu.externaltools.gnu-tools-for-stm32.13.3.rel1.win32_1.0.0.202411081344/tools/bin/../lib/gcc/arm-none-eabi/13.3.1/../../../../arm-none-eabi/lib/thumb/v7e-m+fp/hard\libc_nano.a(libc_a-impure.o)
                              C:/ST/STM32CubeIDE_1.19.0/STM32CubeIDE/plugins/com.st.stm32cube.ide.mcu.externaltools.gnu-tools-for-stm32.13.3.rel1.win32_1.0.0.202411081344/tools/bin/../lib/gcc/arm-none-eabi/13.3.1/../../../../arm-none-eabi/lib/thumb/v7e-m+fp/hard\libc_nano.a(libc_a-reent.o) (_impure_ptr)
C:/ST/STM32CubeIDE_1.19.0/STM32CubeIDE/plugins/com.st.stm32cube.ide.mcu.externaltools.gnu-tools-for-stm32.13.3.rel1.win32_1.0.0.202411081344/tools/bin/../lib/gcc/arm-none-eabi/13.3.1/../../../../arm-none-eabi/lib/thumb/v7e-m+fp/hard\libc_nano.a(libc_a-lseekr.o)
[...]
Memory Configuration

Name             Origin             Length             Attributes
RAM              0x20000000         0x00020000         xrw
FLASH            0x08000000         0x00080000         xr
*default*        0x00000000         0xffffffff

Linker script and memory map

LOAD C:/ST/STM32CubeIDE_1.19.0/STM32CubeIDE/plugins/com.st.stm32cube.ide.mcu.externaltools.gnu-tools-for-stm32.13.3.rel1.win32_1.0.0.202411081344/tools/bin/../lib/gcc/arm-none-eabi/13.3.1/thumb/v7e-m+fp/hard/crti.o
LOAD C:/ST/STM32CubeIDE_1.19.0/STM32CubeIDE/plugins/com.st.stm32cube.ide.mcu.externaltools.gnu-tools-for-stm32.13.3.rel1.win32_1.0.0.202411081344/tools/bin/../lib/gcc/arm-none-eabi/13.3.1/thumb/v7e-m+fp/hard/crtbegin.o
LOAD C:/ST/STM32CubeIDE_1.19.0/STM32CubeIDE/plugins/com.st.stm32cube.ide.mcu.externaltools.gnu-tools-for-stm32.13.3.rel1.win32_1.0.0.202411081344/tools/bin/../lib/gcc/arm-none-eabi/13.3.1/../../../../arm-none-eabi/lib/thumb/v7e-m+fp/hard/crt0.o
LOAD ./Core/Src/main.o
LOAD ./Core/Src/stm32g4xx_hal_msp.o
LOAD ./Core/Src/stm32g4xx_it.o
LOAD ./Core/Src/syscalls.o
LOAD ./Core/Src/sysmem.o
LOAD ./Core/Src/system_stm32g4xx.o
LOAD ./Core/Startup/startup_stm32g474retx.o
LOAD ./Drivers/STM32G4xx_HAL_Driver/Src/stm32g4xx_hal.o
LOAD ./Drivers/STM32G4xx_HAL_Driver/Src/stm32g4xx_hal_cortex.o
LOAD ./Drivers/STM32G4xx_HAL_Driver/Src/stm32g4xx_hal_dma.o
LOAD ./Drivers/STM32G4xx_HAL_Driver/Src/stm32g4xx_hal_dma_ex.o
LOAD ./Drivers/STM32G4xx_HAL_Driver/Src/stm32g4xx_hal_exti.o
LOAD ./Drivers/STM32G4xx_HAL_Driver/Src/stm32g4xx_hal_flash.o
LOAD ./Drivers/STM32G4xx_HAL_Driver/Src/stm32g4xx_hal_flash_ex.o
LOAD ./Drivers/STM32G4xx_HAL_Driver/Src/stm32g4xx_hal_flash_ramfunc.o
LOAD ./Drivers/STM32G4xx_HAL_Driver/Src/stm32g4xx_hal_gpio.o
LOAD ./Drivers/STM32G4xx_HAL_Driver/Src/stm32g4xx_hal_pwr.o
LOAD ./Drivers/STM32G4xx_HAL_Driver/Src/stm32g4xx_hal_pwr_ex.o
LOAD ./Drivers/STM32G4xx_HAL_Driver/Src/stm32g4xx_hal_rcc.o
LOAD ./Drivers/STM32G4xx_HAL_Driver/Src/stm32g4xx_hal_rcc_ex.o
LOAD ./Drivers/STM32G4xx_HAL_Driver/Src/stm32g4xx_hal_tim.o
LOAD ./Drivers/STM32G4xx_HAL_Driver/Src/stm32g4xx_hal_tim_ex.o
START GROUP
LOAD C:/ST/STM32CubeIDE_1.19.0/STM32CubeIDE/plugins/com.st.stm32cube.ide.mcu.externaltools.gnu-tools-for-stm32.13.3.rel1.win32_1.0.0.202411081344/tools/bin/../lib/gcc/arm-none-eabi/13.3.1/../../../../arm-none-eabi/lib/thumb/v7e-m+fp/hard\libstdc++_nano.a
LOAD C:/ST/STM32CubeIDE_1.19.0/STM32CubeIDE/plugins/com.st.stm32cube.ide.mcu.externaltools.gnu-tools-for-stm32.13.3.rel1.win32_1.0.0.202411081344/tools/bin/../lib/gcc/arm-none-eabi/13.3.1/../../../../arm-none-eabi/lib/thumb/v7e-m+fp/hard\libsupc++_nano.a
END GROUP
LOAD C:/ST/STM32CubeIDE_1.19.0/STM32CubeIDE/plugins/com.st.stm32cube.ide.mcu.externaltools.gnu-tools-for-stm32.13.3.rel1.win32_1.0.0.202411081344/tools/bin/../lib/gcc/arm-none-eabi/13.3.1/../../../../arm-none-eabi/lib/thumb/v7e-m+fp/hard\libstdc++_nano.a
LOAD C:/ST/STM32CubeIDE_1.19.0/STM32CubeIDE/plugins/com.st.stm32cube.ide.mcu.externaltools.gnu-tools-for-stm32.13.3.rel1.win32_1.0.0.202411081344/tools/bin/../lib/gcc/arm-none-eabi/13.3.1/../../../../arm-none-eabi/lib/thumb/v7e-m+fp/hard\libm.a
LOAD C:/ST/STM32CubeIDE_1.19.0/STM32CubeIDE/plugins/com.st.stm32cube.ide.mcu.externaltools.gnu-tools-for-stm32.13.3.rel1.win32_1.0.0.202411081344/tools/bin/../lib/gcc/arm-none-eabi/13.3.1/../../../../arm-none-eabi/lib/thumb/v7e-m+fp/hard\libc_nano.a
START GROUP
LOAD C:/ST/STM32CubeIDE_1.19.0/STM32CubeIDE/plugins/com.st.stm32cube.ide.mcu.externaltools.gnu-tools-for-stm32.13.3.rel1.win32_1.0.0.202411081344/tools/bin/../lib/gcc/arm-none-eabi/13.3.1/thumb/v7e-m+fp/hard\libgcc.a
LOAD C:/ST/STM32CubeIDE_1.19.0/STM32CubeIDE/plugins/com.st.stm32cube.ide.mcu.externaltools.gnu-tools-for-stm32.13.3.rel1.win32_1.0.0.202411081344/tools/bin/../lib/gcc/arm-none-eabi/13.3.1/../../../../arm-none-eabi/lib/thumb/v7e-m+fp/hard\libc_nano.a
END GROUP
START GROUP
LOAD C:/ST/STM32CubeIDE_1.19.0/STM32CubeIDE/plugins/com.st.stm32cube.ide.mcu.externaltools.gnu-tools-for-stm32.13.3.rel1.win32_1.0.0.202411081344/tools/bin/../lib/gcc/arm-none-eabi/13.3.1/thumb/v7e-m+fp/hard\libgcc.a
LOAD C:/ST/STM32CubeIDE_1.19.0/STM32CubeIDE/plugins/com.st.stm32cube.ide.mcu.externaltools.gnu-tools-for-stm32.13.3.rel1.win32_1.0.0.202411081344/tools/bin/../lib/gcc/arm-none-eabi/13.3.1/../../../../arm-none-eabi/lib/thumb/v7e-m+fp/hard\libc_nano.a
LOAD C:/ST/STM32CubeIDE_1.19.0/STM32CubeIDE/plugins/com.st.stm32cube.ide.mcu.externaltools.gnu-tools-for-stm32.13.3.rel1.win32_1.0.0.202411081344/tools/bin/../lib/gcc/arm-none-eabi/13.3.1/../../../../arm-none-eabi/lib/thumb/v7e-m+fp/hard\libnosys.a
END GROUP
START GROUP
LOAD C:/ST/STM32CubeIDE_1.19.0/STM32CubeIDE/plugins/com.st.stm32cube.ide.mcu.externaltools.gnu-tools-for-stm32.13.3.rel1.win32_1.0.0.202411081344/tools/bin/../lib/gcc/arm-none-eabi/13.3.1/thumb/v7e-m+fp/hard\libgcc.a
LOAD C:/ST/STM32CubeIDE_1.19.0/STM32CubeIDE/plugins/com.st.stm32cube.ide.mcu.externaltools.gnu-tools-for-stm32.13.3.rel1.win32_1.0.0.202411081344/tools/bin/../lib/gcc/arm-none-eabi/13.3.1/../../../../arm-none-eabi/lib/thumb/v7e-m+fp/hard\libc_nano.a
LOAD C:/ST/STM32CubeIDE_1.19.0/STM32CubeIDE/plugins/com.st.stm32cube.ide.mcu.externaltools.gnu-tools-for-stm32.13.3.rel1.win32_1.0.0.202411081344/tools/bin/../lib/gcc/arm-none-eabi/13.3.1/../../../../arm-none-eabi/lib/thumb/v7e-m+fp/hard\libnosys.a
END GROUP
LOAD C:/ST/STM32CubeIDE_1.19.0/STM32CubeIDE/plugins/com.st.stm32cube.ide.mcu.externaltools.gnu-tools-for-stm32.13.3.rel1.win32_1.0.0.202411081344/tools/bin/../lib/gcc/arm-none-eabi/13.3.1/thumb/v7e-m+fp/hard/crtend.o
LOAD C:/ST/STM32CubeIDE_1.19.0/STM32CubeIDE/plugins/com.st.stm32cube.ide.mcu.externaltools.gnu-tools-for-stm32.13.3.rel1.win32_1.0.0.202411081344/tools/bin/../lib/gcc/arm-none-eabi/13.3.1/thumb/v7e-m+fp/hard/crtn.o
                0x20020000                        _estack = (ORIGIN (RAM) + LENGTH (RAM))
                0x00000200                        _Min_Heap_Size = 0x200
                0x00000400                        _Min_Stack_Size = 0x400

.isr_vector     0x08000000      0x1d8
                0x08000000                        . = ALIGN (0x4)
 *(.isr_vector)
 .isr_vector    0x08000000      0x1d8 ./Core/Startup/startup_stm32g474retx.o
                0x08000000                g_pfnVectors
                0x080001d8                        . = ALIGN (0x4)

.text           0x080001d8     0x3b00
                0x080001d8                        . = ALIGN (0x4)
 *(.text)
 .text          0x080001d8       0x40 C:/ST/STM32CubeIDE_1.19.0/STM32CubeIDE/plugins/com.st.stm32cube.ide.mcu.externaltools.gnu-tools-for-stm32.13.3.rel1.win32_1.0.0.202411081344/tools/bin/../lib/gcc/arm-none-eabi/13.3.1/thumb/v7e-m+fp/hard/crtbegin.o
 *(.text*)
 .text.map_float
                0x08000218       0x5c ./Core/Src/main.o
                0x08000218                map_float
 .text.freq_para_Tensão
                0x08000274       0x74 ./Core/Src/main.o
                0x08000274                freq_para_Tensão
 .text.Tensão_para_temp
                0x080002e8       0xc0 ./Core/Src/main.o
                0x080002e8                Tensão_para_temp
 .text.main     0x080003a8      0x428 ./Core/Src/main.o
                0x080003a8                main
 .text.SystemClock_Config
                0x080007d0       0x98 ./Core/Src/main.o
                0x080007d0                SystemClock_Config
 .text.MX_TIM1_Init
                0x08000868       0xec ./Core/Src/main.o
 .text.MX_TIM2_Init
                0x08000954      0x10c ./Core/Src/main.o
 .text.MX_TIM3_Init
                0x08000a60       0xe4 ./Core/Src/main.o
 .text.MX_DMA_Init
                0x08000b44       0x94 ./Core/Src/main.o
 .text.MX_GPIO_Init
                0x08000bd8       0x48 ./Core/Src/main.o
 .text.Error_Handler
                0x08000c20        0xc ./Core/Src/main.o
                0x08000c20                Error_Handler
 .text.HAL_MspInit
                0x08000c2c       0x48 ./Core/Src/stm32g4xx_hal_msp.o
                0x08000c2c                HAL_MspInit
 .text.HAL_TIM_Base_MspInit
                0x08000c74      0x364 ./Core/Src/stm32g4xx_hal_msp.o
                0x08000c74                HAL_TIM_Base_MspInit
 .text.NMI_Handler
                0x08000fd8        0x8 ./Core/Src/stm32g4xx_it.o
                0x08000fd8                NMI_Handler
 .text.HardFault_Handler
                0x08000fe0        0x8 ./Core/Src/stm32g4xx_it.o
                0x08000fe0                HardFault_Handler
 .text.MemManage_Handler
                0x08000fe8        0x8 ./Core/Src/stm32g4xx_it.o
                0x08000fe8                MemManage_Handler
 .text.BusFault_Handler
                0x08000ff0        0x8 ./Core/Src/stm32g4xx_it.o
                0x08000ff0                BusFault_Handler
 .text.UsageFault_Handler
                0x08000ff8        0x8 ./Core/Src/stm32g4xx_it.o
                0x08000ff8                UsageFault_Handler
 .text.SVC_Handler
                0x08001000        0xe ./Core/Src/stm32g4xx_it.o
                0x08001000                SVC_Handler
 .text.DebugMon_Handler
                0x0800100e        0xe ./Core/Src/stm32g4xx_it.o
                0x0800100e                DebugMon_Handler
 .text.PendSV_Handler
                0x0800101c        0xe ./Core/Src/stm32g4xx_it.o
                0x0800101c                PendSV_Handler
 .text.SysTick_Handler
                0x0800102a        0xc ./Core/Src/stm32g4xx_it.o
                0x0800102a                SysTick_Handler
 *fill*         0x08001036        0x2 
 .text.DMA1_Channel1_IRQHandler
                0x08001038       0x14 ./Core/Src/stm32g4xx_it.o
                0x08001038                DMA1_Channel1_IRQHandler
 .text.DMA1_Channel2_IRQHandler
                0x0800104c       0x14 ./Core/Src/stm32g4xx_it.o
                0x0800104c                DMA1_Channel2_IRQHandler
 .text.DMA1_Channel4_IRQHandler
                0x08001060       0x14 ./Core/Src/stm32g4xx_it.o
                0x08001060                DMA1_Channel4_IRQHandler
 .text.DMA1_Channel5_IRQHandler
                0x08001074       0x14 ./Core/Src/stm32g4xx_it.o
                0x08001074                DMA1_Channel5_IRQHandler
 .text.DMA1_Channel6_IRQHandler
                0x08001088       0x14 ./Core/Src/stm32g4xx_it.o
                0x08001088                DMA1_Channel6_IRQHandler
 .text.SystemInit
                0x0800109c       0x24 ./Core/Src/system_stm32g4xx.o
                0x0800109c                SystemInit
 .text.Reset_Handler
                0x080010c0       0x50 ./Core/Startup/startup_stm32g474retx.o
                0x080010c0                Reset_Handler
 .text.Default_Handler
                0x08001110        0x2 ./Core/Startup/startup_stm32g474retx.o
                0x08001110                RTC_Alarm_IRQHandler
                0x08001110                EXTI2_IRQHandler
                0x08001110                TIM8_TRG_COM_IRQHandler
                0x08001110                TIM8_CC_IRQHandler
                0x08001110                HRTIM1_Master_IRQHandler
                0x08001110                SPI4_IRQHandler
                0x08001110                FDCAN3_IT0_IRQHandler
                0x08001110                TIM1_CC_IRQHandler
                0x08001110                HRTIM1_FLT_IRQHandler
                0x08001110                HRTIM1_TIMF_IRQHandler
                0x08001110                USB_HP_IRQHandler
                0x08001110                CORDIC_IRQHandler
                0x08001110                HRTIM1_TIMD_IRQHandler
                0x08001110                DMA2_Channel8_IRQHandler
                0x08001110                EXTI3_IRQHandler
                0x08001110                I2C3_ER_IRQHandler
                0x08001110                EXTI0_IRQHandler
                0x08001110                I2C2_EV_IRQHandler
                0x08001110                FPU_IRQHandler
                0x08001110                FDCAN1_IT1_IRQHandler
                0x08001110                TIM1_UP_TIM16_IRQHandler
                0x08001110                ADC1_2_IRQHandler
                0x08001110                HRTIM1_TIME_IRQHandler
                0x08001110                SPI1_IRQHandler
                0x08001110                TIM6_DAC_IRQHandler
                0x08001110                HRTIM1_TIMC_IRQHandler
                0x08001110                TIM8_UP_IRQHandler
                0x08001110                DMA2_Channel2_IRQHandler
                0x08001110                TIM20_TRG_COM_IRQHandler
                0x08001110                USART3_IRQHandler
                0x08001110                DMA1_Channel7_IRQHandler
                0x08001110                UART5_IRQHandler
                0x08001110                ADC3_IRQHandler
                0x08001110                TIM4_IRQHandler
                0x08001110                DMA2_Channel1_IRQHandler
                0x08001110                QUADSPI_IRQHandler
                0x08001110                I2C1_EV_IRQHandler
                0x08001110                UART4_IRQHandler
                0x08001110                DMA2_Channel4_IRQHandler
                0x08001110                TIM3_IRQHandler
                0x08001110                RCC_IRQHandler
                0x08001110                TIM20_UP_IRQHandler
                0x08001110                Default_Handler
                0x08001110                DMA2_Channel7_IRQHandler
                0x08001110                RTC_TAMP_LSECSS_IRQHandler
                0x08001110                FMAC_IRQHandler
                0x08001110                EXTI15_10_IRQHandler
                0x08001110                DMA1_Channel8_IRQHandler
                0x08001110                HRTIM1_TIMA_IRQHandler
                0x08001110                TIM7_DAC_IRQHandler
                0x08001110                FDCAN3_IT1_IRQHandler
                0x08001110                TIM5_IRQHandler
                0x08001110                UCPD1_IRQHandler
                0x08001110                I2C3_EV_IRQHandler
                0x08001110                EXTI9_5_IRQHandler
                0x08001110                RTC_WKUP_IRQHandler
                0x08001110                PVD_PVM_IRQHandler
                0x08001110                SPI2_IRQHandler
                0x08001110                ADC5_IRQHandler
                0x08001110                DMA2_Channel5_IRQHandler
                0x08001110                CRS_IRQHandler
                0x08001110                USB_LP_IRQHandler
                0x08001110                EXTI4_IRQHandler
                0x08001110                RNG_IRQHandler
                0x08001110                HRTIM1_TIMB_IRQHandler
                0x08001110                TIM1_TRG_COM_TIM17_IRQHandler
                0x08001110                FDCAN2_IT1_IRQHandler
                0x08001110                DMA1_Channel3_IRQHandler
                0x08001110                ADC4_IRQHandler
                0x08001110                WWDG_IRQHandler
                0x08001110                I2C4_EV_IRQHandler
                0x08001110                FDCAN2_IT0_IRQHandler
                0x08001110                LPUART1_IRQHandler
                0x08001110                DMA2_Channel6_IRQHandler
                0x08001110                FDCAN1_IT0_IRQHandler
                0x08001110                TIM2_IRQHandler
                0x08001110                COMP7_IRQHandler
                0x08001110                COMP1_2_3_IRQHandler
                0x08001110                EXTI1_IRQHandler
                0x08001110                USART2_IRQHandler
                0x08001110                COMP4_5_6_IRQHandler
                0x08001110                TIM20_BRK_IRQHandler
                0x08001110                I2C2_ER_IRQHandler
                0x08001110                TIM8_BRK_IRQHandler
                0x08001110                FLASH_IRQHandler
                0x08001110                TIM20_CC_IRQHandler
                0x08001110                USART1_IRQHandler
                0x08001110                SPI3_IRQHandler
                0x08001110                I2C1_ER_IRQHandler
                0x08001110                FMC_IRQHandler
                0x08001110                LPTIM1_IRQHandler
                0x08001110                DMAMUX_OVR_IRQHandler
                0x08001110                I2C4_ER_IRQHandler
                0x08001110                USBWakeUp_IRQHandler
                0x08001110                SAI1_IRQHandler
                0x08001110                DMA2_Channel3_IRQHandler
                0x08001110                TIM1_BRK_TIM15_IRQHandler
 .text.HAL_Init
                0x08001112       0x30 ./Drivers/STM32G4xx_HAL_Driver/Src/stm32g4xx_hal.o
                0x08001112                HAL_Init
 *fill*         0x08001142        0x2 
 .text.HAL_InitTick
                0x08001144       0x74 ./Drivers/STM32G4xx_HAL_Driver/Src/stm32g4xx_hal.o
                0x08001144                HAL_InitTick
 .text.HAL_IncTick
                0x080011b8       0x24 ./Drivers/STM32G4xx_HAL_Driver/Src/stm32g4xx_hal.o
                0x080011b8                HAL_IncTick
 .text.HAL_GetTick
                0x080011dc       0x18 ./Drivers/STM32G4xx_HAL_Driver/Src/stm32g4xx_hal.o
                0x080011dc                HAL_GetTick
 .text.HAL_Delay
                0x080011f4       0x44 ./Drivers/STM32G4xx_HAL_Driver/Src/stm32g4xx_hal.o
                0x080011f4                HAL_Delay
 .text.__NVIC_SetPriorityGrouping
                0x08001238       0x48 ./Drivers/STM32G4xx_HAL_Driver/Src/stm32g4xx_hal_cortex.o
 .text.__NVIC_GetPriorityGrouping
                0x08001280       0x1c ./Drivers/STM32G4xx_HAL_Driver/Src/stm32g4xx_hal_cortex.o
 .text.__NVIC_EnableIRQ
                0x0800129c       0x3c ./Drivers/STM32G4xx_HAL_Driver/Src/stm32g4xx_hal_cortex.o
 .text.__NVIC_SetPriority
                0x080012d8       0x54 ./Drivers/STM32G4xx_HAL_Driver/Src/stm32g4xx_hal_cortex.o
 .text.NVIC_EncodePriority
                0x0800132c       0x66 ./Drivers/STM32G4xx_HAL_Driver/Src/stm32g4xx_hal_cortex.o
 *fill*         0x08001392        0x2 
 .text.SysTick_Config
                0x08001394       0x44 ./Drivers/STM32G4xx_HAL_Driver/Src/stm32g4xx_hal_cortex.o
 .text.HAL_NVIC_SetPriorityGrouping
                0x080013d8       0x16 ./Drivers/STM32G4xx_HAL_Driver/Src/stm32g4xx_hal_cortex.o
                0x080013d8                HAL_NVIC_SetPriorityGrouping
 .text.HAL_NVIC_SetPriority
                0x080013ee       0x34 ./Drivers/STM32G4xx_HAL_Driver/Src/stm32g4xx_hal_cortex.o
                0x080013ee                HAL_NVIC_SetPriority
 .text.HAL_NVIC_EnableIRQ
                0x08001422       0x1c ./Drivers/STM32G4xx_HAL_Driver/Src/stm32g4xx_hal_cortex.o
                0x08001422                HAL_NVIC_EnableIRQ
 .text.HAL_SYSTICK_Config
                0x0800143e       0x18 ./Drivers/STM32G4xx_HAL_Driver/Src/stm32g4xx_hal_cortex.o
                0x0800143e                HAL_SYSTICK_Config
 *fill*         0x08001456        0x2 
 .text.HAL_DMA_Init
                0x08001458      0x150 ./Drivers/STM32G4xx_HAL_Driver/Src/stm32g4xx_hal_dma.o
                0x08001458                HAL_DMA_Init
 .text.HAL_DMA_Start_IT
                0x080015a8       0xf6 ./Drivers/STM32G4xx_HAL_Driver/Src/stm32g4xx_hal_dma.o
                0x080015a8                HAL_DMA_Start_IT
 .text.HAL_DMA_Abort_IT
                0x0800169e       0xce ./Drivers/STM32G4xx_HAL_Driver/Src/stm32g4xx_hal_dma.o
                0x0800169e                HAL_DMA_Abort_IT
 .text.HAL_DMA_IRQHandler
                0x0800176c      0x15e ./Drivers/STM32G4xx_HAL_Driver/Src/stm32g4xx_hal_dma.o
                0x0800176c                HAL_DMA_IRQHandler
 .text.DMA_SetConfig
                0x080018ca       0x7c ./Drivers/STM32G4xx_HAL_Driver/Src/stm32g4xx_hal_dma.o
 *fill*         0x08001946        0x2 
 .text.DMA_CalcDMAMUXChannelBaseAndMask
                0x08001948       0x90 ./Drivers/STM32G4xx_HAL_Driver/Src/stm32g4xx_hal_dma.o
 .text.DMA_CalcDMAMUXRequestGenBaseAndMask
                0x080019d8       0x4c ./Drivers/STM32G4xx_HAL_Driver/Src/stm32g4xx_hal_dma.o
 .text.HAL_GPIO_Init
                0x08001a24      0x318 ./Drivers/STM32G4xx_HAL_Driver/Src/stm32g4xx_hal_gpio.o
                0x08001a24                HAL_GPIO_Init
 .text.HAL_PWREx_ControlVoltageScaling
                0x08001d3c      0x148 ./Drivers/STM32G4xx_HAL_Driver/Src/stm32g4xx_hal_pwr_ex.o
                0x08001d3c                HAL_PWREx_ControlVoltageScaling
 .text.HAL_PWREx_DisableUCPDDeadBattery
                0x08001e84       0x20 ./Drivers/STM32G4xx_HAL_Driver/Src/stm32g4xx_hal_pwr_ex.o
                0x08001e84                HAL_PWREx_DisableUCPDDeadBattery
 .text.HAL_RCC_OscConfig
                0x08001ea4      0x624 ./Drivers/STM32G4xx_HAL_Driver/Src/stm32g4xx_hal_rcc.o
                0x08001ea4                HAL_RCC_OscConfig
 .text.HAL_RCC_ClockConfig
                0x080024c8      0x278 ./Drivers/STM32G4xx_HAL_Driver/Src/stm32g4xx_hal_rcc.o
                0x080024c8                HAL_RCC_ClockConfig
 .text.HAL_RCC_GetSysClockFreq
                0x08002740       0xc4 ./Drivers/STM32G4xx_HAL_Driver/Src/stm32g4xx_hal_rcc.o
                0x08002740                HAL_RCC_GetSysClockFreq
 .text.RCC_GetSysClockFreqFromPLLSource
                0x08002804       0x8c ./Drivers/STM32G4xx_HAL_Driver/Src/stm32g4xx_hal_rcc.o
 .text.HAL_TIM_Base_Init
                0x08002890       0xae ./Drivers/STM32G4xx_HAL_Driver/Src/stm32g4xx_hal_tim.o
                0x08002890                HAL_TIM_Base_Init
 .text.HAL_TIM_IC_Init
                0x0800293e       0xae ./Drivers/STM32G4xx_HAL_Driver/Src/stm32g4xx_hal_tim.o
                0x0800293e                HAL_TIM_IC_Init
 .text.HAL_TIM_IC_MspInit
                0x080029ec       0x14 ./Drivers/STM32G4xx_HAL_Driver/Src/stm32g4xx_hal_tim.o
                0x080029ec                HAL_TIM_IC_MspInit
 .text.HAL_TIM_IC_Start_DMA
                0x08002a00      0x3a4 ./Drivers/STM32G4xx_HAL_Driver/Src/stm32g4xx_hal_tim.o
                0x08002a00                HAL_TIM_IC_Start_DMA
 .text.HAL_TIM_IC_Stop_DMA
                0x08002da4      0x1a4 ./Drivers/STM32G4xx_HAL_Driver/Src/stm32g4xx_hal_tim.o
                0x08002da4                HAL_TIM_IC_Stop_DMA
 .text.HAL_TIM_IC_ConfigChannel
                0x08002f48      0x138 ./Drivers/STM32G4xx_HAL_Driver/Src/stm32g4xx_hal_tim.o
                0x08002f48                HAL_TIM_IC_ConfigChannel
 .text.HAL_TIM_ConfigClockSource
                0x08003080      0x22c ./Drivers/STM32G4xx_HAL_Driver/Src/stm32g4xx_hal_tim.o
                0x08003080                HAL_TIM_ConfigClockSource
 .text.HAL_TIM_IC_CaptureCallback
                0x080032ac       0x14 ./Drivers/STM32G4xx_HAL_Driver/Src/stm32g4xx_hal_tim.o
                0x080032ac                HAL_TIM_IC_CaptureCallback
 .text.HAL_TIM_IC_CaptureHalfCpltCallback
                0x080032c0       0x14 ./Drivers/STM32G4xx_HAL_Driver/Src/stm32g4xx_hal_tim.o
                0x080032c0                HAL_TIM_IC_CaptureHalfCpltCallback
 .text.HAL_TIM_ErrorCallback
                0x080032d4       0x14 ./Drivers/STM32G4xx_HAL_Driver/Src/stm32g4xx_hal_tim.o
                0x080032d4                HAL_TIM_ErrorCallback
 .text.TIM_DMAError
                0x080032e8       0x92 ./Drivers/STM32G4xx_HAL_Driver/Src/stm32g4xx_hal_tim.o
                0x080032e8                TIM_DMAError
 .text.TIM_DMACaptureCplt
                0x0800337a       0xc8 ./Drivers/STM32G4xx_HAL_Driver/Src/stm32g4xx_hal_tim.o
                0x0800337a                TIM_DMACaptureCplt
 .text.TIM_DMACaptureHalfCplt
                0x08003442       0x68 ./Drivers/STM32G4xx_HAL_Driver/Src/stm32g4xx_hal_tim.o
                0x08003442                TIM_DMACaptureHalfCplt
 *fill*         0x080034aa        0x2 
 .text.TIM_Base_SetConfig
                0x080034ac      0x15c ./Drivers/STM32G4xx_HAL_Driver/Src/stm32g4xx_hal_tim.o
                0x080034ac                TIM_Base_SetConfig
 .text.TIM_TI1_SetConfig
                0x08003608      0x12c ./Drivers/STM32G4xx_HAL_Driver/Src/stm32g4xx_hal_tim.o
                0x08003608                TIM_TI1_SetConfig
 .text.TIM_TI1_ConfigInputStage
                0x08003734       0xb4 ./Drivers/STM32G4xx_HAL_Driver/Src/stm32g4xx_hal_tim.o
 .text.TIM_TI2_SetConfig
                0x080037e8       0xac ./Drivers/STM32G4xx_HAL_Driver/Src/stm32g4xx_hal_tim.o
 .text.TIM_TI2_ConfigInputStage
                0x08003894       0x90 ./Drivers/STM32G4xx_HAL_Driver/Src/stm32g4xx_hal_tim.o
 .text.TIM_TI3_SetConfig
                0x08003924       0xa8 ./Drivers/STM32G4xx_HAL_Driver/Src/stm32g4xx_hal_tim.o
 .text.TIM_TI4_SetConfig
                0x080039cc       0xac ./Drivers/STM32G4xx_HAL_Driver/Src/stm32g4xx_hal_tim.o
 .text.TIM_ITRx_SetConfig
                0x08003a78       0x3a ./Drivers/STM32G4xx_HAL_Driver/Src/stm32g4xx_hal_tim.o
 .text.TIM_ETR_SetConfig
                0x08003ab2       0x40 ./Drivers/STM32G4xx_HAL_Driver/Src/stm32g4xx_hal_tim.o
                0x08003ab2                TIM_ETR_SetConfig
 .text.TIM_CCxChannelCmd
                0x08003af2       0x4a ./Drivers/STM32G4xx_HAL_Driver/Src/stm32g4xx_hal_tim.o
                0x08003af2                TIM_CCxChannelCmd
 .text.HAL_TIMEx_MasterConfigSynchronization
                0x08003b3c      0x12c ./Drivers/STM32G4xx_HAL_Driver/Src/stm32g4xx_hal_tim_ex.o
                0x08003b3c                HAL_TIMEx_MasterConfigSynchronization
 .text.memset   0x08003c68       0x10 C:/ST/STM32CubeIDE_1.19.0/STM32CubeIDE/plugins/com.st.stm32cube.ide.mcu.externaltools.gnu-tools-for-stm32.13.3.rel1.win32_1.0.0.202411081344/tools/bin/../lib/gcc/arm-none-eabi/13.3.1/../../../../arm-none-eabi/lib/thumb/v7e-m+fp/hard\libc_nano.a(libc_a-memset.o)
                0x08003c68                memset
 .text.__libc_init_array
                0x08003c78       0x48 C:/ST/STM32CubeIDE_1.19.0/STM32CubeIDE/plugins/com.st.stm32cube.ide.mcu.externaltools.gnu-tools-for-stm32.13.3.rel1.win32_1.0.0.202411081344/tools/bin/../lib/gcc/arm-none-eabi/13.3.1/../../../../arm-none-eabi/lib/thumb/v7e-m+fp/hard\libc_nano.a(libc_a-init.o)
                0x08003c78                __libc_init_array
 *(.glue_7)
 .glue_7        0x08003cc0        0x0 linker stubs
 *(.glue_7t)
 .glue_7t       0x08003cc0        0x0 linker stubs
 *(.eh_frame)
 .eh_frame      0x08003cc0        0x0 C:/ST/STM32CubeIDE_1.19.0/STM32CubeIDE/plugins/com.st.stm32cube.ide.mcu.externaltools.gnu-tools-for-stm32.13.3.rel1.win32_1.0.0.202411081344/tools/bin/../lib/gcc/arm-none-eabi/13.3.1/thumb/v7e-m+fp/hard/crtbegin.o
 *(.init)
 .init          0x08003cc0        0x4 C:/ST/STM32CubeIDE_1.19.0/STM32CubeIDE/plugins/com.st.stm32cube.ide.mcu.externaltools.gnu-tools-for-stm32.13.3.rel1.win32_1.0.0.202411081344/tools/bin/../lib/gcc/arm-none-eabi/13.3.1/thumb/v7e-m+fp/hard/crti.o
                0x08003cc0                _init
 .init          0x08003cc4        0x8 C:/ST/STM32CubeIDE_1.19.0/STM32CubeIDE/plugins/com.st.stm32cube.ide.mcu.externaltools.gnu-tools-for-stm32.13.3.rel1.win32_1.0.0.202411081344/tools/bin/../lib/gcc/arm-none-eabi/13.3.1/thumb/v7e-m+fp/hard/crtn.o
 *(.fini)
 .fini          0x08003ccc        0x4 C:/ST/STM32CubeIDE_1.19.0/STM32CubeIDE/plugins/com.st.stm32cube.ide.mcu.externaltools.gnu-tools-for-stm32.13.3.rel1.win32_1.0.0.202411081344/tools/bin/../lib/gcc/arm-none-eabi/13.3.1/thumb/v7e-m+fp/hard/crti.o
                0x08003ccc                _fini
 .fini          0x08003cd0        0x8 C:/ST/STM32CubeIDE_1.19.0/STM32CubeIDE/plugins/com.st.stm32cube.ide.mcu.externaltools.gnu-tools-for-stm32.13.3.rel1.win32_1.0.0.202411081344/tools/bin/../lib/gcc/arm-none-eabi/13.3.1/thumb/v7e-m+fp/hard/crtn.o
                0x08003cd8                        . = ALIGN (0x4)
                0x08003cd8                        _etext = .

.vfp11_veneer   0x08003cd8        0x0
 .vfp11_veneer  0x08003cd8        0x0 linker stubs

.v4_bx          0x08003cd8        0x0
 .v4_bx         0x08003cd8        0x0 linker stubs

.iplt           0x08003cd8        0x0
 .iplt          0x08003cd8        0x0 C:/ST/STM32CubeIDE_1.19.0/STM32CubeIDE/plugins/com.st.stm32cube.ide.mcu.externaltools.gnu-tools-for-stm32.13.3.rel1.win32_1.0.0.202411081344/tools/bin/../lib/gcc/arm-none-eabi/13.3.1/thumb/v7e-m+fp/hard/crtbegin.o

.rodata         0x08003cd8       0x10
                0x08003cd8                        . = ALIGN (0x4)
 *(.rodata)
 *(.rodata*)
 .rodata.AHBPrescTable
                0x08003cd8       0x10 ./Core/Src/system_stm32g4xx.o
                0x08003cd8                AHBPrescTable
                0x08003ce8                        . = ALIGN (0x4)

.ARM.extab      0x08003ce8        0x0
                0x08003ce8                        . = ALIGN (0x4)
 *(.ARM.extab* .gnu.linkonce.armextab.*)
                0x08003ce8                        . = ALIGN (0x4)

.ARM            0x08003ce8        0x0
                0x08003ce8                        . = ALIGN (0x4)
                0x08003ce8                        __exidx_start = .
 *(.ARM.exidx*)
                0x08003ce8                        __exidx_end = .
                0x08003ce8                        . = ALIGN (0x4)

.preinit_array  0x08003ce8        0x0
                0x08003ce8                        . = ALIGN (0x4)
                0x08003ce8                        PROVIDE (__preinit_array_start = .)
 *(.preinit_array*)
                0x08003ce8                        PROVIDE (__preinit_array_end = .)
                0x08003ce8                        . = ALIGN (0x4)

.init_array     0x08003ce8        0x4
                0x08003ce8                        . = ALIGN (0x4)
                0x08003ce8                        PROVIDE (__init_array_start = .)
 *(SORT_BY_NAME(.init_array.*))
 *(.init_array*)
 .init_array    0x08003ce8        0x4 C:/ST/STM32CubeIDE_1.19.0/STM32CubeIDE/plugins/com.st.stm32cube.ide.mcu.externaltools.gnu-tools-for-stm32.13.3.rel1.win32_1.0.0.202411081344/tools/bin/../lib/gcc/arm-none-eabi/13.3.1/thumb/v7e-m+fp/hard/crtbegin.o
                0x08003cec                        PROVIDE (__init_array_end = .)
                0x08003cec                        . = ALIGN (0x4)

.fini_array     0x08003cec        0x4
                0x08003cec                        . = ALIGN (0x4)
                [!provide]                        PROVIDE (__fini_array_start = .)
 *(SORT_BY_NAME(.fini_array.*))
 *(.fini_array*)
 .fini_array    0x08003cec        0x4 C:/ST/STM32CubeIDE_1.19.0/STM32CubeIDE/plugins/com.st.stm32cube.ide.mcu.externaltools.gnu-tools-for-stm32.13.3.rel1.win32_1.0.0.202411081344/tools/bin/../lib/gcc/arm-none-eabi/13.3.1/thumb/v7e-m+fp/hard/crtbegin.o
                [!provide]                        PROVIDE (__fini_array_end = .)
                0x08003cf0                        . = ALIGN (0x4)
                0x08003cf0                        _sidata = LOADADDR (.data)

.rel.dyn        0x08003cf0        0x0
 .rel.iplt      0x08003cf0        0x0 C:/ST/STM32CubeIDE_1.19.0/STM32CubeIDE/plugins/com.st.stm32cube.ide.mcu.externaltools.gnu-tools-for-stm32.13.3.rel1.win32_1.0.0.202411081344/tools/bin/../lib/gcc/arm-none-eabi/13.3.1/thumb/v7e-m+fp/hard/crtbegin.o

.data           0x20000000      0x114 load address 0x08003cf0
                0x20000000                        . = ALIGN (0x4)
                0x20000000                        _sdata = .
 *(.data)
 *(.data*)
 .data.temp_table
                0x20000000       0x84 ./Core/Src/main.o
                0x20000000                temp_table
 .data.Tensão_table
                0x20000084       0x84 ./Core/Src/main.o
                0x20000084                Tensão_table
 .data.SystemCoreClock
                0x20000108        0x4 ./Core/Src/system_stm32g4xx.o
                0x20000108                SystemCoreClock
 .data.uwTickPrio
                0x2000010c        0x4 ./Drivers/STM32G4xx_HAL_Driver/Src/stm32g4xx_hal.o
                0x2000010c                uwTickPrio
 .data.uwTickFreq
                0x20000110        0x4 ./Drivers/STM32G4xx_HAL_Driver/Src/stm32g4xx_hal.o
                0x20000110                uwTickFreq
 *(.RamFunc)
 *(.RamFunc*)
                0x20000114                        . = ALIGN (0x4)
                0x20000114                        _edata = .

.igot.plt       0x20000114        0x0 load address 0x08003e04
 .igot.plt      0x20000114        0x0 C:/ST/STM32CubeIDE_1.19.0/STM32CubeIDE/plugins/com.st.stm32cube.ide.mcu.externaltools.gnu-tools-for-stm32.13.3.rel1.win32_1.0.0.202411081344/tools/bin/../lib/gcc/arm-none-eabi/13.3.1/thumb/v7e-m+fp/hard/crtbegin.o
                0x20000114                        . = ALIGN (0x4)

.bss            0x20000114      0x35c load address 0x08003e04
                0x20000114                        _sbss = .
                0x20000114                        __bss_start__ = _sbss
 *(.bss)
 .bss           0x20000114       0x1c C:/ST/STM32CubeIDE_1.19.0/STM32CubeIDE/plugins/com.st.stm32cube.ide.mcu.externaltools.gnu-tools-for-stm32.13.3.rel1.win32_1.0.0.202411081344/tools/bin/../lib/gcc/arm-none-eabi/13.3.1/thumb/v7e-m+fp/hard/crtbegin.o
 *(.bss*)
 .bss.htim1     0x20000130       0x4c ./Core/Src/main.o
                0x20000130                htim1
 .bss.htim2     0x2000017c       0x4c ./Core/Src/main.o
                0x2000017c                htim2
 .bss.htim3     0x200001c8       0x4c ./Core/Src/main.o
                0x200001c8                htim3
 .bss.hdma_tim1_ch1
                0x20000214       0x60 ./Core/Src/main.o
                0x20000214                hdma_tim1_ch1
 .bss.hdma_tim2_ch1
                0x20000274       0x60 ./Core/Src/main.o
                0x20000274                hdma_tim2_ch1
 .bss.hdma_tim2_ch2
                0x200002d4       0x60 ./Core/Src/main.o
                0x200002d4                hdma_tim2_ch2
 .bss.hdma_tim2_ch4
                0x20000334       0x60 ./Core/Src/main.o
                0x20000334                hdma_tim2_ch4
 .bss.hdma_tim3_ch4
                0x20000394       0x60 ./Core/Src/main.o
                0x20000394                hdma_tim3_ch4
 .bss.frequencias
                0x200003f4       0x14 ./Core/Src/main.o
                0x200003f4                frequencias
 .bss.Tensãos  0x20000408       0x14 ./Core/Src/main.o
                0x20000408                Tensãos
 .bss.Temperaturas
                0x2000041c       0x14 ./Core/Src/main.o
                0x2000041c                Temperaturas
 .bss.freq_filtrada
                0x20000430       0x14 ./Core/Src/main.o
                0x20000430                freq_filtrada
 .bss.in_capture_1
                0x20000444        0x8 ./Core/Src/main.o
                0x20000444                in_capture_1
 .bss.in_capture_2
                0x2000044c        0x8 ./Core/Src/main.o
                0x2000044c                in_capture_2
 .bss.in_capture_3
                0x20000454        0x8 ./Core/Src/main.o
                0x20000454                in_capture_3
 .bss.in_capture_4
                0x2000045c        0x8 ./Core/Src/main.o
                0x2000045c                in_capture_4
 .bss.in_capture_5
                0x20000464        0x8 ./Core/Src/main.o
                0x20000464                in_capture_5
 .bss.uwTick    0x2000046c        0x4 ./Drivers/STM32G4xx_HAL_Driver/Src/stm32g4xx_hal.o
                0x2000046c                uwTick
 *(COMMON)
                0x20000470                        . = ALIGN (0x4)
                0x20000470                        _ebss = .
                0x20000470                        __bss_end__ = _ebss

._user_heap_stack
                0x20000470      0x600 load address 0x08003e04
                0x20000470                        . = ALIGN (0x8)
                [!provide]                        PROVIDE (end = .)
                0x20000470                        PROVIDE (_end = .)
                0x20000670                        . = (. + _Min_Heap_Size)
 *fill*         0x20000470      0x200 
                0x20000a70                        . = (. + _Min_Stack_Size)
 *fill*         0x20000670      0x400 
                0x20000a70                        . = ALIGN (0x8)

/DISCARD/
 libc.a(*)
 libm.a(*)
 libgcc.a(*)

.ARM.attributes
                0x00000000       0x30
 *(.ARM.attributes)
 .ARM.attributes
                0x00000000       0x22 C:/ST/STM32CubeIDE_1.19.0/STM32CubeIDE/plugins/com.st.stm32cube.ide.mcu.externaltools.gnu-tools-for-stm32.13.3.rel1.win32_1.0.0.202411081344/tools/bin/../lib/gcc/arm-none-eabi/13.3.1/thumb/v7e-m+fp/hard/crti.o
 .ARM.attributes
                0x00000022       0x34 C:/ST/STM32CubeIDE_1.19.0/STM32CubeIDE/plugins/com.st.stm32cube.ide.mcu.externaltools.gnu-tools-for-stm32.13.3.rel1.win32_1.0.0.202411081344/tools/bin/../lib/gcc/arm-none-eabi/13.3.1/thumb/v7e-m+fp/hard/crtbegin.o
 .ARM.attributes
                0x00000056       0x34 ./Core/Src/main.o
 .ARM.attributes
                0x0000008a       0x34 ./Core/Src/stm32g4xx_hal_msp.o
 .ARM.attributes
                0x000000be       0x34 ./Core/Src/stm32g4xx_it.o
 .ARM.attributes
                0x000000f2       0x34 ./Core/Src/system_stm32g4xx.o
 .ARM.attributes
                0x00000126       0x21 ./Core/Startup/startup_stm32g474retx.o
 .ARM.attributes
                0x00000147       0x34 ./Drivers/STM32G4xx_HAL_Driver/Src/stm32g4xx_hal.o
 .ARM.attributes
                0x0000017b       0x34 ./Drivers/STM32G4xx_HAL_Driver/Src/stm32g4xx_hal_cortex.o
 .ARM.attributes
                0x000001af       0x34 ./Drivers/STM32G4xx_HAL_Driver/Src/stm32g4xx_hal_dma.o
 .ARM.attributes
                0x000001e3       0x34 ./Drivers/STM32G4xx_HAL_Driver/Src/stm32g4xx_hal_gpio.o
 .ARM.attributes
                0x00000217       0x34 ./Drivers/STM32G4xx_HAL_Driver/Src/stm32g4xx_hal_pwr_ex.o
 .ARM.attributes
                0x0000024b       0x34 ./Drivers/STM32G4xx_HAL_Driver/Src/stm32g4xx_hal_rcc.o
 .ARM.attributes
                0x0000027f       0x34 ./Drivers/STM32G4xx_HAL_Driver/Src/stm32g4xx_hal_tim.o
 .ARM.attributes
                0x000002b3       0x34 ./Drivers/STM32G4xx_HAL_Driver/Src/stm32g4xx_hal_tim_ex.o
 .ARM.attributes
                0x000002e7       0x34 C:/ST/STM32CubeIDE_1.19.0/STM32CubeIDE/plugins/com.st.stm32cube.ide.mcu.externaltools.gnu-tools-for-stm32.13.3.rel1.win32_1.0.0.202411081344/tools/bin/../lib/gcc/arm-none-eabi/13.3.1/../../../../arm-none-eabi/lib/thumb/v7e-m+fp/hard\libc_nano.a(libc_a-memset.o)
 .ARM.attributes
                0x0000031b       0x34 C:/ST/STM32CubeIDE_1.19.0/STM32CubeIDE/plugins/com.st.stm32cube.ide.mcu.externaltools.gnu-tools-for-stm32.13.3.rel1.win32_1.0.0.202411081344/tools/bin/../lib/gcc/arm-none-eabi/13.3.1/../../../../arm-none-eabi/lib/thumb/v7e-m+fp/hard\libc_nano.a(libc_a-init.o)
 .ARM.attributes
                0x0000034f       0x22 C:/ST/STM32CubeIDE_1.19.0/STM32CubeIDE/plugins/com.st.stm32cube.ide.mcu.externaltools.gnu-tools-for-stm32.13.3.rel1.win32_1.0.0.202411081344/tools/bin/../lib/gcc/arm-none-eabi/13.3.1/thumb/v7e-m+fp/hard/crtn.o
OUTPUT(TMS_V1.elf elf32-littlearm)
LOAD linker stubs
LOAD C:/ST/STM32CubeIDE_1.19.0/STM32CubeIDE/plugins/com.st.stm32cube.ide.mcu.externaltools.gnu-tools-for-stm32.13.3.rel1.win32_1.0.0.202411081344/tools/bin/../lib/gcc/arm-none-eabi/13.3.1/../../../../arm-none-eabi/lib/thumb/v7e-m+fp/hard\libc.a
LOAD C:/ST/STM32CubeIDE_1.19.0/STM32CubeIDE/plugins/com.st.stm32cube.ide.mcu.externaltools.gnu-tools-for-stm32.13.3.rel1.win32_1.0.0.202411081344/tools/bin/../lib/gcc/arm-none-eabi/13.3.1/../../../../arm-none-eabi/lib/thumb/v7e-m+fp/hard\libm.a
LOAD C:/ST/STM32CubeIDE_1.19.0/STM32CubeIDE/plugins/com.st.stm32cube.ide.mcu.externaltools.gnu-tools-for-stm32.13.3.rel1.win32_1.0.0.202411081344/tools/bin/../lib/gcc/arm-none-eabi/13.3.1/thumb/v7e-m+fp/hard\libgcc.a

.debug_info     0x00000000     0xb912
 .debug_info    0x00000000     0x188b ./Core/Src/main.o
 .debug_info    0x0000188b      0xd6b ./Core/Src/stm32g4xx_hal_msp.o
 .debug_info    0x000025f6      0x4db ./Core/Src/stm32g4xx_it.o
 .debug_info    0x00002ad1      0x58e ./Core/Src/system_stm32g4xx.o
 .debug_info    0x0000305f       0x30 ./Core/Startup/startup_stm32g474retx.o
 .debug_info    0x0000308f      0xb95 ./Drivers/STM32G4xx_HAL_Driver/Src/stm32g4xx_hal.o
 .debug_info    0x00003c24      0xdf9 ./Drivers/STM32G4xx_HAL_Driver/Src/stm32g4xx_hal_cortex.o
 .debug_info    0x00004a1d      0x85f ./Drivers/STM32G4xx_HAL_Driver/Src/stm32g4xx_hal_dma.o
 .debug_info    0x0000527c      0x772 ./Drivers/STM32G4xx_HAL_Driver/Src/stm32g4xx_hal_gpio.o
 .debug_info    0x000059ee      0x944 ./Drivers/STM32G4xx_HAL_Driver/Src/stm32g4xx_hal_pwr_ex.o
 .debug_info    0x00006332      0xbf9 ./Drivers/STM32G4xx_HAL_Driver/Src/stm32g4xx_hal_rcc.o
 .debug_info    0x00006f2b     0x2c52 ./Drivers/STM32G4xx_HAL_Driver/Src/stm32g4xx_hal_tim.o
 .debug_info    0x00009b7d     0x1d95 ./Drivers/STM32G4xx_HAL_Driver/Src/stm32g4xx_hal_tim_ex.o

.debug_abbrev   0x00000000     0x1c5f
 .debug_abbrev  0x00000000      0x390 ./Core/Src/main.o
 .debug_abbrev  0x00000390      0x26a ./Core/Src/stm32g4xx_hal_msp.o
 .debug_abbrev  0x000005fa      0x185 ./Core/Src/stm32g4xx_it.o
 .debug_abbrev  0x0000077f      0x11a ./Core/Src/system_stm32g4xx.o
 .debug_abbrev  0x00000899       0x24 ./Core/Startup/startup_stm32g474retx.o
 .debug_abbrev  0x000008bd      0x271 ./Drivers/STM32G4xx_HAL_Driver/Src/stm32g4xx_hal.o
 .debug_abbrev  0x00000b2e      0x31c ./Drivers/STM32G4xx_HAL_Driver/Src/stm32g4xx_hal_cortex.o
 .debug_abbrev  0x00000e4a      0x1e2 ./Drivers/STM32G4xx_HAL_Driver/Src/stm32g4xx_hal_dma.o
 .debug_abbrev  0x0000102c      0x1d2 ./Drivers/STM32G4xx_HAL_Driver/Src/stm32g4xx_hal_gpio.o
 .debug_abbrev  0x000011fe      0x22c ./Drivers/STM32G4xx_HAL_Driver/Src/stm32g4xx_hal_pwr_ex.o
 .debug_abbrev  0x0000142a      0x2c9 ./Drivers/STM32G4xx_HAL_Driver/Src/stm32g4xx_hal_rcc.o
 .debug_abbrev  0x000016f3      0x2a7 ./Drivers/STM32G4xx_HAL_Driver/Src/stm32g4xx_hal_tim.o
 .debug_abbrev  0x0000199a      0x2c5 ./Drivers/STM32G4xx_HAL_Driver/Src/stm32g4xx_hal_tim_ex.o

.debug_aranges  0x00000000      0xcd8
 .debug_aranges
                0x00000000       0x80 ./Core/Src/main.o
 .debug_aranges
                0x00000080       0x30 ./Core/Src/stm32g4xx_hal_msp.o
 .debug_aranges
                0x000000b0       0x88 ./Core/Src/stm32g4xx_it.o
 .debug_aranges
                0x00000138       0x28 ./Core/Src/system_stm32g4xx.o
 .debug_aranges
                0x00000160       0x28 ./Core/Startup/startup_stm32g474retx.o
 .debug_aranges
                0x00000188      0x148 ./Drivers/STM32G4xx_HAL_Driver/Src/stm32g4xx_hal.o
 .debug_aranges
                0x000002d0      0x128 ./Drivers/STM32G4xx_HAL_Driver/Src/stm32g4xx_hal_cortex.o
 .debug_aranges
                0x000003f8       0x90 ./Drivers/STM32G4xx_HAL_Driver/Src/stm32g4xx_hal_dma.o
 .debug_aranges
                0x00000488       0x58 ./Drivers/STM32G4xx_HAL_Driver/Src/stm32g4xx_hal_gpio.o
 .debug_aranges
                0x000004e0      0x140 ./Drivers/STM32G4xx_HAL_Driver/Src/stm32g4xx_hal_pwr_ex.o
 .debug_aranges
                0x00000620       0x98 ./Drivers/STM32G4xx_HAL_Driver/Src/stm32g4xx_hal_rcc.o
 .debug_aranges
                0x000006b8      0x3e0 ./Drivers/STM32G4xx_HAL_Driver/Src/stm32g4xx_hal_tim.o
 .debug_aranges
                0x00000a98      0x240 ./Drivers/STM32G4xx_HAL_Driver/Src/stm32g4xx_hal_tim_ex.o

.debug_rnglists
                0x00000000      0x9f1
 .debug_rnglists
                0x00000000       0x62 ./Core/Src/main.o
 .debug_rnglists
                0x00000062       0x21 ./Core/Src/stm32g4xx_hal_msp.o
 .debug_rnglists
                0x00000083       0x61 ./Core/Src/stm32g4xx_it.o
 .debug_rnglists
                0x000000e4       0x1a ./Core/Src/system_stm32g4xx.o
 .debug_rnglists
                0x000000fe       0x19 ./Core/Startup/startup_stm32g474retx.o
 .debug_rnglists
                0x00000117       0xf1 ./Drivers/STM32G4xx_HAL_Driver/Src/stm32g4xx_hal.o
 .debug_rnglists
                0x00000208       0xda ./Drivers/STM32G4xx_HAL_Driver/Src/stm32g4xx_hal_cortex.o
 .debug_rnglists
                0x000002e2       0x72 ./Drivers/STM32G4xx_HAL_Driver/Src/stm32g4xx_hal_dma.o
 .debug_rnglists
                0x00000354       0x3f ./Drivers/STM32G4xx_HAL_Driver/Src/stm32g4xx_hal_gpio.o
 .debug_rnglists
                0x00000393       0xf1 ./Drivers/STM32G4xx_HAL_Driver/Src/stm32g4xx_hal_pwr_ex.o
 .debug_rnglists
                0x00000484       0x74 ./Drivers/STM32G4xx_HAL_Driver/Src/stm32g4xx_hal_rcc.o
 .debug_rnglists
                0x000004f8      0x32d ./Drivers/STM32G4xx_HAL_Driver/Src/stm32g4xx_hal_tim.o
 .debug_rnglists
                0x00000825      0x1cc ./Drivers/STM32G4xx_HAL_Driver/Src/stm32g4xx_hal_tim_ex.o

.debug_macro    0x00000000    0x254e9
 .debug_macro   0x00000000      0x2ba ./Core/Src/main.o
 .debug_macro   0x000002ba      0xad8 ./Core/Src/main.o
 .debug_macro   0x00000d92      0x155 ./Core/Src/main.o
 .debug_macro   0x00000ee7       0x2e ./Core/Src/main.o
 .debug_macro   0x00000f15       0x28 ./Core/Src/main.o
 .debug_macro   0x00000f3d       0x22 ./Core/Src/main.o
 .debug_macro   0x00000f5f       0x8e ./Core/Src/main.o
 .debug_macro   0x00000fed       0x51 ./Core/Src/main.o
 .debug_macro   0x0000103e      0x103 ./Core/Src/main.o
 .debug_macro   0x00001141       0x6a ./Core/Src/main.o
 .debug_macro   0x000011ab      0x1df ./Core/Src/main.o
 .debug_macro   0x0000138a       0x1c ./Core/Src/main.o
 .debug_macro   0x000013a6       0x22 ./Core/Src/main.o
 .debug_macro   0x000013c8       0xfb ./Core/Src/main.o
 .debug_macro   0x000014c3     0x1011 ./Core/Src/main.o
 .debug_macro   0x000024d4      0x11f ./Core/Src/main.o
 .debug_macro   0x000025f3    0x18b8c ./Core/Src/main.o
 .debug_macro   0x0001b17f       0x6d ./Core/Src/main.o
 .debug_macro   0x0001b1ec     0x3558 ./Core/Src/main.o
 .debug_macro   0x0001e744      0x190 ./Core/Src/main.o
 .debug_macro   0x0001e8d4       0x5c ./Core/Src/main.o
 .debug_macro   0x0001e930     0x171f ./Core/Src/main.o
 .debug_macro   0x0002004f      0x600 ./Core/Src/main.o
 .debug_macro   0x0002064f      0x1b6 ./Core/Src/main.o
 .debug_macro   0x00020805      0x34a ./Core/Src/main.o
 .debug_macro   0x00020b4f      0x53c ./Core/Src/main.o
 .debug_macro   0x0002108b      0x18b ./Core/Src/main.o
 .debug_macro   0x00021216       0x43 ./Core/Src/main.o
 .debug_macro   0x00021259      0x23d ./Core/Src/main.o
 .debug_macro   0x00021496      0x211 ./Core/Src/main.o
 .debug_macro   0x000216a7      0x45c ./Core/Src/main.o
 .debug_macro   0x00021b03      0x11c ./Core/Src/main.o
 .debug_macro   0x00021c1f      0x122 ./Core/Src/main.o
 .debug_macro   0x00021d41      0x3d1 ./Core/Src/main.o
 .debug_macro   0x00022112      0xc0b ./Core/Src/main.o
 .debug_macro   0x00022d1d      0x718 ./Core/Src/main.o
 .debug_macro   0x00023435      0x358 ./Core/Src/main.o
 .debug_macro   0x0002378d       0x61 ./Core/Src/main.o
 .debug_macro   0x000237ee       0x2a ./Core/Src/main.o
 .debug_macro   0x00023818       0x43 ./Core/Src/main.o
 .debug_macro   0x0002385b       0x34 ./Core/Src/main.o
 .debug_macro   0x0002388f       0x16 ./Core/Src/main.o
 .debug_macro   0x000238a5       0x3c ./Core/Src/main.o
 .debug_macro   0x000238e1      0x370 ./Core/Src/main.o
 .debug_macro   0x00023c51       0x10 ./Core/Src/main.o
 .debug_macro   0x00023c61       0x16 ./Core/Src/main.o
 .debug_macro   0x00023c77       0x4a ./Core/Src/main.o
 .debug_macro   0x00023cc1       0x34 ./Core/Src/main.o
 .debug_macro   0x00023cf5       0x10 ./Core/Src/main.o
 .debug_macro   0x00023d05       0x58 ./Core/Src/main.o
 .debug_macro   0x00023d5d       0x8e ./Core/Src/main.o
 .debug_macro   0x00023deb       0x1c ./Core/Src/main.o
 .debug_macro   0x00023e07      0x185 ./Core/Src/main.o
 .debug_macro   0x00023f8c       0x16 ./Core/Src/main.o
 .debug_macro   0x00023fa2       0x16 ./Core/Src/main.o
 .debug_macro   0x00023fb8      0x146 ./Core/Src/main.o
 .debug_macro   0x000240fe      0x1c4 ./Core/Src/stm32g4xx_hal_msp.o
 .debug_macro   0x000242c2      0x1ce ./Core/Src/stm32g4xx_it.o
 .debug_macro   0x00024490      0x1ba ./Core/Src/system_stm32g4xx.o
 .debug_macro   0x0002464a      0x208 ./Drivers/STM32G4xx_HAL_Driver/Src/stm32g4xx_hal.o
 .debug_macro   0x00024852      0x1ba ./Drivers/STM32G4xx_HAL_Driver/Src/stm32g4xx_hal_cortex.o
 .debug_macro   0x00024a0c      0x1ba ./Drivers/STM32G4xx_HAL_Driver/Src/stm32g4xx_hal_dma.o
 .debug_macro   0x00024bc6      0x1c1 ./Drivers/STM32G4xx_HAL_Driver/Src/stm32g4xx_hal_gpio.o
 .debug_macro   0x00024d87      0x1e4 ./Drivers/STM32G4xx_HAL_Driver/Src/stm32g4xx_hal_pwr_ex.o
 .debug_macro   0x00024f6b      0x1fc ./Drivers/STM32G4xx_HAL_Driver/Src/stm32g4xx_hal_rcc.o
 .debug_macro   0x00025167      0x1c2 ./Drivers/STM32G4xx_HAL_Driver/Src/stm32g4xx_hal_tim.o
 .debug_macro   0x00025329      0x1c0 ./Drivers/STM32G4xx_HAL_Driver/Src/stm32g4xx_hal_tim_ex.o

.debug_line     0x00000000     0xd726
 .debug_line    0x00000000      0xe1f ./Core/Src/main.o
 .debug_line    0x00000e1f      0x8c8 ./Core/Src/stm32g4xx_hal_msp.o
 .debug_line    0x000016e7      0x855 ./Core/Src/stm32g4xx_it.o
 .debug_line    0x00001f3c      0x79b ./Core/Src/system_stm32g4xx.o
 .debug_line    0x000026d7       0x7b ./Core/Startup/startup_stm32g474retx.o
 .debug_line    0x00002752      0xb67 ./Drivers/STM32G4xx_HAL_Driver/Src/stm32g4xx_hal.o
 .debug_line    0x000032b9      0xccc ./Drivers/STM32G4xx_HAL_Driver/Src/stm32g4xx_hal_cortex.o
 .debug_line    0x00003f85      0xe7c ./Drivers/STM32G4xx_HAL_Driver/Src/stm32g4xx_hal_dma.o
 .debug_line    0x00004e01      0xb53 ./Drivers/STM32G4xx_HAL_Driver/Src/stm32g4xx_hal_gpio.o
 .debug_line    0x00005954      0xcc6 ./Drivers/STM32G4xx_HAL_Driver/Src/stm32g4xx_hal_pwr_ex.o
 .debug_line    0x0000661a      0xfea ./Drivers/STM32G4xx_HAL_Driver/Src/stm32g4xx_hal_rcc.o
 .debug_line    0x00007604     0x40b4 ./Drivers/STM32G4xx_HAL_Driver/Src/stm32g4xx_hal_tim.o
 .debug_line    0x0000b6b8     0x206e ./Drivers/STM32G4xx_HAL_Driver/Src/stm32g4xx_hal_tim_ex.o

.debug_str      0x00000000    0xf5027
 .debug_str     0x00000000    0xf5027 ./Core/Src/main.o
                              0xf216d (size before relaxing)
 .debug_str     0x000f5027    0xedf33 ./Core/Src/stm32g4xx_hal_msp.o
 .debug_str     0x000f5027    0xeda78 ./Core/Src/stm32g4xx_it.o
 .debug_str     0x000f5027    0xed834 ./Core/Src/system_stm32g4xx.o
 .debug_str     0x000f5027       0x71 ./Core/Startup/startup_stm32g474retx.o
 .debug_str     0x000f5027    0xee546 ./Drivers/STM32G4xx_HAL_Driver/Src/stm32g4xx_hal.o
 .debug_str     0x000f5027    0xee202 ./Drivers/STM32G4xx_HAL_Driver/Src/stm32g4xx_hal_cortex.o
 .debug_str     0x000f5027    0xedc0e ./Drivers/STM32G4xx_HAL_Driver/Src/stm32g4xx_hal_dma.o
 .debug_str     0x000f5027    0xed9bf ./Drivers/STM32G4xx_HAL_Driver/Src/stm32g4xx_hal_gpio.o
 .debug_str     0x000f5027    0xedd22 ./Drivers/STM32G4xx_HAL_Driver/Src/stm32g4xx_hal_pwr_ex.o
 .debug_str     0x000f5027    0xedf53 ./Drivers/STM32G4xx_HAL_Driver/Src/stm32g4xx_hal_rcc.o
 .debug_str     0x000f5027    0xeed32 ./Drivers/STM32G4xx_HAL_Driver/Src/stm32g4xx_hal_tim.o
 .debug_str     0x000f5027    0xee9a6 ./Drivers/STM32G4xx_HAL_Driver/Src/stm32g4xx_hal_tim_ex.o

.comment        0x00000000       0x43
 .comment       0x00000000       0x43 ./Core/Src/main.o
                                 0x44 (size before relaxing)
 .comment       0x00000043       0x44 ./Core/Src/stm32g4xx_hal_msp.o
 .comment       0x00000043       0x44 ./Core/Src/stm32g4xx_it.o
 .comment       0x00000043       0x44 ./Core/Src/system_stm32g4xx.o
 .comment       0x00000043       0x44 ./Drivers/STM32G4xx_HAL_Driver/Src/stm32g4xx_hal.o
 .comment       0x00000043       0x44 ./Drivers/STM32G4xx_HAL_Driver/Src/stm32g4xx_hal_cortex.o
 .comment       0x00000043       0x44 ./Drivers/STM32G4xx_HAL_Driver/Src/stm32g4xx_hal_dma.o
 .comment       0x00000043       0x44 ./Drivers/STM32G4xx_HAL_Driver/Src/stm32g4xx_hal_gpio.o
 .comment       0x00000043       0x44 ./Drivers/STM32G4xx_HAL_Driver/Src/stm32g4xx_hal_pwr_ex.o
 .comment       0x00000043       0x44 ./Drivers/STM32G4xx_HAL_Driver/Src/stm32g4xx_hal_rcc.o
 .comment       0x00000043       0x44 ./Drivers/STM32G4xx_HAL_Driver/Src/stm32g4xx_hal_tim.o
 .comment       0x00000043       0x44 ./Drivers/STM32G4xx_HAL_Driver/Src/stm32g4xx_hal_tim_ex.o

.debug_frame    0x00000000     0x35dc
 .debug_frame   0x00000000      0x1e0 ./Core/Src/main.o
 .debug_frame   0x000001e0       0x80 ./Core/Src/stm32g4xx_hal_msp.o
 .debug_frame   0x00000260      0x190 ./Core/Src/stm32g4xx_it.o
 .debug_frame   0x000003f0       0x58 ./Core/Src/system_stm32g4xx.o
 .debug_frame   0x00000448      0x500 ./Drivers/STM32G4xx_HAL_Driver/Src/stm32g4xx_hal.o
 .debug_frame   0x00000948      0x4e8 ./Drivers/STM32G4xx_HAL_Driver/Src/stm32g4xx_hal_cortex.o
 .debug_frame   0x00000e30      0x24c ./Drivers/STM32G4xx_HAL_Driver/Src/stm32g4xx_hal_dma.o
 .debug_frame   0x0000107c      0x14c ./Drivers/STM32G4xx_HAL_Driver/Src/stm32g4xx_hal_gpio.o
 .debug_frame   0x000011c8      0x4fc ./Drivers/STM32G4xx_HAL_Driver/Src/stm32g4xx_hal_pwr_ex.o
 .debug_frame   0x000016c4      0x23c ./Drivers/STM32G4xx_HAL_Driver/Src/stm32g4xx_hal_rcc.o
 .debug_frame   0x00001900     0x1220 ./Drivers/STM32G4xx_HAL_Driver/Src/stm32g4xx_hal_tim.o
 .debug_frame   0x00002b20      0xa70 ./Drivers/STM32G4xx_HAL_Driver/Src/stm32g4xx_hal_tim_ex.o
 .debug_frame   0x00003590       0x20 C:/ST/STM32CubeIDE_1.19.0/STM32CubeIDE/plugins/com.st.stm32cube.ide.mcu.externaltools.gnu-tools-for-stm32.13.3.rel1.win32_1.0.0.202411081344/tools/bin/../lib/gcc/arm-none-eabi/13.3.1/../../../../arm-none-eabi/lib/thumb/v7e-m+fp/hard\libc_nano.a(libc_a-memset.o)
 .debug_frame   0x000035b0       0x2c C:/ST/STM32CubeIDE_1.19.0/STM32CubeIDE/plugins/com.st.stm32cube.ide.mcu.externaltools.gnu-tools-for-stm32.13.3.rel1.win32_1.0.0.202411081344/tools/bin/../lib/gcc/arm-none-eabi/13.3.1/../../../../arm-none-eabi/lib/thumb/v7e-m+fp/hard\libc_nano.a(libc_a-init.o)

.debug_line_str
                0x00000000       0x55
 .debug_line_str
                0x00000000       0x55 ./Core/Startup/startup_stm32g474retx.o
