../Drivers/CMSIS/Include/core_cm4.h:2059:26:ITM_SendChar	16	static,ignoring_inline_asm
../Core/Src/main.c:102:14:map_float	32	static
../Core/Src/main.c:108:14:freq_para_tensao	16	static
../Core/Src/main.c:116:14:tensao_para_temp	24	static
../Core/Src/main.c:132:13:processar_canal	24	static
../Core/Src/main.c:148:5:_write	32	static
../Core/Src/main.c:163:5:main	8	static
../Core/Src/main.c:238:6:SystemClock_Config	88	static
../Core/Src/main.c:285:13:MX_TIM1_Init	56	static
../Core/Src/main.c:345:13:MX_TIM2_Init	56	static
../Core/Src/main.c:411:13:MX_TIM3_Init	56	static
../Core/Src/main.c:467:13:MX_DMA_Init	16	static
../Core/Src/main.c:498:13:MX_GPIO_Init	16	static
../Core/Src/main.c:521:6:Error_Handler	4	static,ignoring_inline_asm
